============================= test session starts =============================
platform win32 -- Python 3.14.0, pytest-8.4.2, pluggy-1.6.0 -- C:\Users\samye\AppData\Local\Python\pythoncore-3.14-64\python.exe
cachedir: .pytest_cache
rootdir: C:\Users\samye\OneDrive\Desktop\getyoursharelivrable\getyourshare-versio2\backend\tests
configfile: pytest.ini
plugins: anyio-3.7.1, asyncio-1.2.0, cov-7.0.0
asyncio: mode=Mode.AUTO, debug=False, asyncio_default_fixture_loop_scope=None, asyncio_default_test_loop_scope=function
collecting ... collected 234 items

tests\test_integration_advanced.py::TestInputValidation::test_email_validation_valid PASSED [  0%]
tests\test_integration_advanced.py::TestInputValidation::test_email_validation_invalid PASSED [  0%]
tests\test_integration_advanced.py::TestInputValidation::test_phone_validation_morocco PASSED [  1%]
tests\test_integration_advanced.py::TestInputValidation::test_phone_validation_invalid PASSED [  1%]
tests\test_integration_advanced.py::TestInputValidation::test_password_validation_strength PASSED [  2%]
tests\test_integration_advanced.py::TestInputValidation::test_password_common_patterns_rejected PASSED [  2%]
tests\test_integration_advanced.py::TestInputValidation::test_username_validation_alphanumeric PASSED [  2%]
tests\test_integration_advanced.py::TestInputValidation::test_username_validation_length PASSED [  3%]
tests\test_integration_advanced.py::TestInputValidation::test_sql_injection_prevention_email PASSED [  3%]
tests\test_integration_advanced.py::TestInputValidation::test_sql_injection_prevention_search PASSED [  4%]
tests\test_integration_advanced.py::TestInputValidation::test_xss_prevention_product_name PASSED [  4%]
tests\test_integration_advanced.py::TestInputValidation::test_xss_prevention_comment PASSED [  5%]
tests\test_integration_advanced.py::TestInputValidation::test_price_validation_positive PASSED [  5%]
tests\test_integration_advanced.py::TestInputValidation::test_price_validation_decimal_places PASSED [  5%]
tests\test_integration_advanced.py::TestInputValidation::test_quantity_validation_integer PASSED [  6%]
tests\test_integration_advanced.py::TestInputValidation::test_date_validation_format PASSED [  6%]
tests\test_integration_advanced.py::TestInputValidation::test_date_validation_future PASSED [  7%]
tests\test_integration_advanced.py::TestInputValidation::test_url_validation_http PASSED [  7%]
tests\test_integration_advanced.py::TestInputValidation::test_url_validation_invalid PASSED [  8%]
tests\test_integration_advanced.py::TestInputValidation::test_json_validation_structure PASSED [  8%]
tests\test_integration_advanced.py::TestInputValidation::test_json_validation_invalid PASSED [  8%]
tests\test_integration_advanced.py::TestInputValidation::test_unicode_handling_emoji PASSED [  9%]
tests\test_integration_advanced.py::TestInputValidation::test_unicode_handling_accents PASSED [  9%]
tests\test_integration_advanced.py::TestInputValidation::test_length_limit_product_name PASSED [ 10%]
tests\test_integration_advanced.py::TestInputValidation::test_length_limit_description PASSED [ 10%]
tests\test_integration_advanced.py::TestInputValidation::test_array_validation_duplicates PASSED [ 11%]
tests\test_integration_advanced.py::TestInputValidation::test_array_validation_empty PASSED [ 11%]
tests\test_integration_advanced.py::TestInputValidation::test_nested_object_validation PASSED [ 11%]
tests\test_integration_advanced.py::TestInputValidation::test_enum_validation_status PASSED [ 12%]
tests\test_integration_advanced.py::TestInputValidation::test_enum_validation_invalid PASSED [ 12%]
tests\test_integration_advanced.py::TestInputValidation::test_boolean_validation PASSED [ 13%]
tests\test_integration_advanced.py::TestInputValidation::test_null_handling_optional_field PASSED [ 13%]
tests\test_integration_advanced.py::TestInputValidation::test_null_rejection_required_field PASSED [ 14%]
tests\test_integration_advanced.py::TestInputValidation::test_whitespace_trimming PASSED [ 14%]
tests\test_integration_advanced.py::TestInputValidation::test_case_normalization_email PASSED [ 14%]
tests\test_integration_advanced.py::TestInputValidation::test_special_characters_allowed_name PASSED [ 15%]
tests\test_integration_advanced.py::TestInputValidation::test_special_characters_rejected_username PASSED [ 15%]
tests\test_integration_advanced.py::TestInputValidation::test_file_extension_validation PASSED [ 16%]
tests\test_integration_advanced.py::TestInputValidation::test_file_size_limit PASSED [ 16%]
tests\test_integration_advanced.py::TestErrorHandling::test_network_timeout_recovery PASSED [ 17%]
tests\test_integration_advanced.py::TestErrorHandling::test_database_connection_retry PASSED [ 17%]
tests\test_integration_advanced.py::TestErrorHandling::test_payment_gateway_failure PASSED [ 17%]
tests\test_integration_advanced.py::TestErrorHandling::test_payment_retry_mechanism PASSED [ 18%]
tests\test_integration_advanced.py::TestErrorHandling::test_third_party_api_error PASSED [ 18%]
tests\test_integration_advanced.py::TestErrorHandling::test_graceful_degradation_service_down PASSED [ 19%]
tests\test_integration_advanced.py::TestErrorHandling::test_error_logging_stack_trace PASSED [ 19%]
tests\test_integration_advanced.py::TestErrorHandling::test_error_notification_admin PASSED [ 20%]
tests\test_integration_advanced.py::TestErrorHandling::test_user_friendly_error_message PASSED [ 20%]
tests\test_integration_advanced.py::TestErrorHandling::test_error_recovery_transaction_rollback PASSED [ 20%]
tests\test_integration_advanced.py::TestErrorHandling::test_concurrent_request_race_condition PASSED [ 21%]
tests\test_integration_advanced.py::TestErrorHandling::test_duplicate_submission_prevention PASSED [ 21%]
tests\test_integration_advanced.py::TestErrorHandling::test_stale_data_refresh PASSED [ 22%]
tests\test_integration_advanced.py::TestErrorHandling::test_partial_failure_batch_operation PASSED [ 22%]
tests\test_integration_advanced.py::TestErrorHandling::test_circuit_breaker_pattern PASSED [ 23%]
tests\test_integration_advanced.py::TestErrorHandling::test_exponential_backoff PASSED [ 23%]
tests\test_integration_advanced.py::TestErrorHandling::test_timeout_configuration PASSED [ 23%]
tests\test_integration_advanced.py::TestErrorHandling::test_dead_letter_queue PASSED [ 24%]
tests\test_integration_advanced.py::TestErrorHandling::test_error_context_preservation PASSED [ 24%]
tests\test_integration_advanced.py::TestErrorHandling::test_idempotency_key_validation PASSED [ 25%]
tests\test_integration_advanced.py::TestErrorHandling::test_request_deduplication PASSED [ 25%]
tests\test_integration_advanced.py::TestErrorHandling::test_fallback_to_cached_data PASSED [ 26%]
tests\test_integration_advanced.py::TestErrorHandling::test_graceful_shutdown_pending_tasks PASSED [ 26%]
tests\test_integration_advanced.py::TestErrorHandling::test_memory_leak_prevention PASSED [ 26%]
tests\test_integration_advanced.py::TestErrorHandling::test_resource_cleanup_on_error PASSED [ 27%]
tests\test_integration_advanced.py::TestErrorHandling::test_orphaned_record_cleanup PASSED [ 27%]
tests\test_integration_advanced.py::TestErrorHandling::test_webhook_failure_queue PASSED [ 28%]
tests\test_integration_advanced.py::TestErrorHandling::test_webhook_retry_with_backoff PASSED [ 28%]
tests\test_integration_advanced.py::TestErrorHandling::test_timeout_recovery_user_notification PASSED [ 29%]
tests\test_integration_advanced.py::TestErrorHandling::test_database_constraint_violation PASSED [ 29%]
tests\test_integration_advanced.py::TestErrorHandling::test_foreign_key_constraint_error PASSED [ 29%]
tests\test_integration_advanced.py::TestErrorHandling::test_data_type_mismatch PASSED [ 30%]
tests\test_integration_advanced.py::TestErrorHandling::test_encoding_error_handling PASSED [ 30%]
tests\test_integration_advanced.py::TestErrorHandling::test_file_not_found_handling PASSED [ 31%]
tests\test_integration_advanced.py::TestErrorHandling::test_permission_denied_error PASSED [ 31%]
tests\test_integration_advanced.py::TestErrorHandling::test_quota_exceeded_error PASSED [ 32%]
tests\test_integration_advanced.py::TestErrorHandling::test_rate_limit_error_response PASSED [ 32%]
tests\test_integration_advanced.py::TestErrorHandling::test_maintenance_mode_message PASSED [ 32%]
tests\test_integration_advanced.py::TestErrorHandling::test_deprecated_endpoint_warning PASSED [ 33%]
tests\test_integration_advanced.py::TestErrorHandling::test_version_mismatch_error PASSED [ 33%]
tests\test_integration_advanced.py::TestErrorHandling::test_incompatible_format_error PASSED [ 34%]
tests\test_integration_advanced.py::TestErrorHandling::test_missing_required_header PASSED [ 34%]
tests\test_integration_advanced.py::TestErrorHandling::test_invalid_authorization_header PASSED [ 35%]
tests\test_integration_advanced.py::TestErrorHandling::test_expired_token_refresh PASSED [ 35%]
tests\test_integration_advanced.py::TestErrorHandling::test_invalid_signature_token PASSED [ 35%]
tests\test_integration_advanced.py::TestComplexWorkflows::test_multi_party_transaction_flow PASSED [ 36%]
tests\test_integration_advanced.py::TestComplexWorkflows::test_escrow_payment_release PASSED [ 36%]
tests\test_integration_advanced.py::TestComplexWorkflows::test_split_payment_multiple_recipients PASSED [ 37%]
tests\test_integration_advanced.py::TestComplexWorkflows::test_chained_commissions_calculation PASSED [ 37%]
tests\test_integration_advanced.py::TestComplexWorkflows::test_referral_bonus_chain PASSED [ 38%]
tests\test_integration_advanced.py::TestComplexWorkflows::test_subscription_upgrade_downgrade PASSED [ 38%]
tests\test_integration_advanced.py::TestComplexWorkflows::test_subscription_proration_calculation PASSED [ 38%]
tests\test_integration_advanced.py::TestComplexWorkflows::test_inventory_sync_multiple_channels PASSED [ 39%]
tests\test_integration_advanced.py::TestComplexWorkflows::test_inventory_reservation_expiry PASSED [ 39%]
tests\test_integration_advanced.py::TestComplexWorkflows::test_order_status_state_machine PASSED [ 40%]
tests\test_integration_advanced.py::TestComplexWorkflows::test_order_cancellation_refund_flow PASSED [ 40%]
tests\test_integration_advanced.py::TestComplexWorkflows::test_partial_order_shipment PASSED [ 41%]
tests\test_integration_advanced.py::TestComplexWorkflows::test_backorder_fulfillment PASSED [ 41%]
tests\test_integration_advanced.py::TestComplexWorkflows::test_return_processing_workflow PASSED [ 41%]
tests\test_integration_advanced.py::TestComplexWorkflows::test_return_inspection_quality_check PASSED [ 42%]
tests\test_integration_advanced.py::TestComplexWorkflows::test_warranty_claim_processing PASSED [ 42%]
tests\test_integration_advanced.py::TestComplexWorkflows::test_chargeback_dispute_resolution PASSED [ 43%]
tests\test_integration_advanced.py::TestComplexWorkflows::test_marketplace_seller_payout_settlement PASSED [ 43%]
tests\test_integration_advanced.py::TestComplexWorkflows::test_multi_currency_conversion_flow PASSED [ 44%]
tests\test_integration_advanced.py::TestComplexWorkflows::test_tax_calculation_by_location PASSED [ 44%]
tests\test_integration_advanced.py::TestComplexWorkflows::test_shipping_cost_calculation PASSED [ 44%]
tests\test_integration_advanced.py::TestComplexWorkflows::test_shipping_label_generation PASSED [ 45%]
tests\test_integration_advanced.py::TestComplexWorkflows::test_delivery_confirmation_signature PASSED [ 45%]
tests\test_integration_advanced.py::TestComplexWorkflows::test_invoice_generation_with_tax PASSED [ 46%]
tests\test_integration_advanced.py::TestComplexWorkflows::test_invoice_email_template_rendering PASSED [ 46%]
tests\test_integration_advanced.py::TestComplexWorkflows::test_invoice_payment_reminder_schedule PASSED [ 47%]
tests\test_integration_advanced.py::TestComplexWorkflows::test_content_moderation_workflow PASSED [ 47%]
tests\test_integration_advanced.py::TestComplexWorkflows::test_user_suspension_appeal_process PASSED [ 47%]
tests\test_integration_advanced.py::TestComplexWorkflows::test_data_export_archive_generation PASSED [ 48%]
tests\test_integration_advanced.py::TestComplexWorkflows::test_gdpr_data_deletion_process PASSED [ 48%]
tests\test_integration_advanced.py::TestComplexWorkflows::test_audit_trail_comprehensive_logging PASSED [ 49%]
tests\test_integration_advanced.py::TestComplexWorkflows::test_notification_multi_channel_delivery PASSED [ 49%]
tests\test_integration_advanced.py::TestComplexWorkflows::test_notification_preference_respect PASSED [ 50%]
tests\test_integration_advanced.py::TestComplexWorkflows::test_bulk_user_import_workflow PASSED [ 50%]
tests\test_integration_advanced.py::TestComplexWorkflows::test_bulk_email_campaign_execution PASSED [ 50%]
tests\test_integration_advanced.py::TestComplexWorkflows::test_scheduled_task_execution PASSED [ 51%]
tests\test_integration_advanced.py::TestComplexWorkflows::test_cron_job_failure_handling PASSED [ 51%]
tests\test_integration_advanced.py::TestComplexWorkflows::test_webhook_event_delivery_ordering PASSED [ 52%]
tests\test_integration_advanced.py::TestComplexWorkflows::test_event_deduplication_distributed_system PASSED [ 52%]
tests\test_integration_advanced.py::TestComplexWorkflows::test_cache_invalidation_cascade PASSED [ 52%]
tests\test_integration_advanced.py::TestComplexWorkflows::test_session_management_timeout PASSED [ 53%]
tests\test_integration_advanced.py::TestComplexWorkflows::test_concurrent_login_prevention PASSED [ 53%]
tests\test_integration_advanced.py::TestComplexWorkflows::test_feature_flag_gradual_rollout PASSED [ 54%]
tests\test_integration_advanced.py::TestComplexWorkflows::test_a_b_test_traffic_allocation PASSED [ 54%]
tests\test_integration_advanced.py::TestComplexWorkflows::test_experimentation_statistical_significance PASSED [ 55%]
tests\test_integration_advanced.py::TestComplexWorkflows::test_analytics_event_tracking_pipeline PASSED [ 55%]
tests\test_integration_advanced.py::TestComplexWorkflows::test_real_time_dashboard_data_streaming PASSED [ 55%]
tests\test_integration_advanced.py::TestComplexWorkflows::test_historical_data_aggregation PASSED [ 56%]
tests\test_integration_advanced.py::TestComplexWorkflows::test_business_intelligence_report_generation PASSED [ 56%]
tests\test_integration_advanced.py::TestComplexWorkflows::test_fraud_detection_anomaly_scoring PASSED [ 57%]
tests\test_integration_advanced.py::TestComplexWorkflows::test_compliance_rule_engine_evaluation PASSED [ 57%]
tests\test_integration_advanced.py::TestComplexWorkflows::test_social_proof_ranking_algorithm PASSED [ 58%]
tests\test_integration_advanced.py::TestComplexWorkflows::test_recommendation_personalization_ml PASSED [ 58%]
tests\test_integration_advanced.py::TestComplexWorkflows::test_search_faceted_navigation_filters PASSED [ 58%]
tests\test_integration_advanced.py::TestComplexWorkflows::test_full_text_search_relevance_scoring PASSED [ 59%]
tests\test_integration_advanced.py::TestComplexWorkflows::test_autocomplete_suggestion_ranking PASSED [ 59%]
tests\test_integration_advanced.py::TestComplexWorkflows::test_typo_correction_fuzzy_matching PASSED [ 60%]
tests\test_integration_advanced.py::TestComplexWorkflows::test_synonym_expansion_search PASSED [ 60%]
tests\test_integration_advanced.py::TestComplexWorkflows::test_location_based_service_proximity PASSED [ 61%]
tests\test_integration_advanced.py::TestComplexWorkflows::test_geofencing_alerts_boundary PASSED [ 61%]
tests\test_integration_advanced.py::TestSecurity::test_csrf_token_validation PASSED [ 61%]
tests\test_integration_advanced.py::TestSecurity::test_cors_origin_validation PASSED [ 62%]
tests\test_integration_advanced.py::TestSecurity::test_cors_preflight_handling PASSED [ 62%]
tests\test_integration_advanced.py::TestSecurity::test_ssl_certificate_validation PASSED [ 63%]
tests\test_integration_advanced.py::TestSecurity::test_tls_version_enforcement PASSED [ 63%]
tests\test_integration_advanced.py::TestSecurity::test_cipher_suite_configuration PASSED [ 64%]
tests\test_integration_advanced.py::TestSecurity::test_password_hash_algorithm PASSED [ 64%]
tests\test_integration_advanced.py::TestSecurity::test_password_salt_generation PASSED [ 64%]
tests\test_integration_advanced.py::TestSecurity::test_jwt_signature_verification PASSED [ 65%]
tests\test_integration_advanced.py::TestSecurity::test_jwt_expiration_validation PASSED [ 65%]
tests\test_integration_advanced.py::TestSecurity::test_jwt_refresh_token_rotation PASSED [ 66%]
tests\test_integration_advanced.py::TestSecurity::test_oauth2_authorization_code_flow PASSED [ 66%]
tests\test_integration_advanced.py::TestSecurity::test_oauth2_state_parameter_validation PASSED [ 67%]
tests\test_integration_advanced.py::TestSecurity::test_api_key_rotation_schedule PASSED [ 67%]
tests\test_integration_advanced.py::TestSecurity::test_api_key_scope_limitation PASSED [ 67%]
tests\test_integration_advanced.py::TestSecurity::test_rate_limiting_by_ip PASSED [ 68%]
tests\test_integration_advanced.py::TestSecurity::test_rate_limiting_by_user PASSED [ 68%]
tests\test_integration_advanced.py::TestSecurity::test_ddos_protection_headers PASSED [ 69%]
tests\test_integration_advanced.py::TestSecurity::test_security_headers_csp PASSED [ 69%]
tests\test_integration_advanced.py::TestSecurity::test_xss_protection_header PASSED [ 70%]
tests\test_integration_advanced.py::TestSecurity::test_clickjacking_protection PASSED [ 70%]
tests\test_integration_advanced.py::TestSecurity::test_mime_sniffing_prevention PASSED [ 70%]
tests\test_integration_advanced.py::TestSecurity::test_referrer_policy_strict PASSED [ 71%]
tests\test_integration_advanced.py::TestSecurity::test_permissions_policy_enforcement PASSED [ 71%]
tests\test_integration_advanced.py::TestSecurity::test_secure_cookie_flags PASSED [ 72%]
tests\test_integration_advanced.py::TestSecurity::test_cookie_same_site_protection PASSED [ 72%]
tests\test_integration_advanced.py::TestSecurity::test_encryption_at_rest PASSED [ 73%]
tests\test_integration_advanced.py::TestSecurity::test_encryption_in_transit PASSED [ 73%]
tests\test_integration_advanced.py::TestSecurity::test_key_management_rotation PASSED [ 73%]
tests\test_integration_advanced.py::TestSecurity::test_sensitive_data_masking_logs PASSED [ 74%]
tests\test_integration_advanced.py::TestSecurity::test_pii_data_protection PASSED [ 74%]
tests\test_integration_advanced.py::TestSecurity::test_access_control_principle_least_privilege PASSED [ 75%]
tests\test_integration_advanced.py::TestSecurity::test_role_based_access_control PASSED [ 75%]
tests\test_integration_advanced.py::TestSecurity::test_attribute_based_access_control PASSED [ 76%]
tests\test_integration_advanced.py::TestSecurity::test_permission_caching_invalidation PASSED [ 76%]
tests\test_integration_advanced.py::TestSecurity::test_audit_logging_comprehensive PASSED [ 76%]
tests\test_integration_advanced.py::TestSecurity::test_audit_log_immutability PASSED [ 77%]
tests\test_integration_advanced.py::TestSecurity::test_suspicious_activity_detection PASSED [ 77%]
tests\test_integration_advanced.py::TestSecurity::test_two_factor_authentication_enforcement PASSED [ 78%]
tests\test_integration_advanced.py::TestSecurity::test_passwordless_authentication PASSED [ 78%]
tests\test_integration_advanced.py::TestSecurity::test_biometric_authentication PASSED [ 79%]
tests\test_integration_advanced.py::TestSecurity::test_session_invalidation_on_logout PASSED [ 79%]
tests\test_integration_advanced.py::TestSecurity::test_session_timeout_enforcement PASSED [ 79%]
tests\test_integration_advanced.py::TestSecurity::test_concurrent_session_termination PASSED [ 80%]
tests\test_integration_advanced.py::TestSecurity::test_password_change_session_invalidation PASSED [ 80%]
tests\test_integration_advanced.py::TestSecurity::test_account_lockout_brute_force PASSED [ 81%]
tests\test_integration_advanced.py::TestSecurity::test_login_attempt_throttling PASSED [ 81%]
tests\test_integration_advanced.py::TestSecurity::test_ip_whitelist_enforcement PASSED [ 82%]
tests\test_integration_advanced.py::TestSecurity::test_ip_blacklist_blocking PASSED [ 82%]
tests\test_integration_advanced.py::TestSecurity::test_vpn_detection_blocking PASSED [ 82%]
tests\test_integration_advanced.py::TestCompliance::test_gdpr_consent_management PASSED [ 83%]
tests\test_integration_advanced.py::TestCompliance::test_gdpr_right_to_access PASSED [ 83%]
tests\test_integration_advanced.py::TestCompliance::test_gdpr_right_to_erasure PASSED [ 84%]
tests\test_integration_advanced.py::TestCompliance::test_gdpr_right_to_portability PASSED [ 84%]
tests\test_integration_advanced.py::TestCompliance::test_gdpr_data_retention_policy PASSED [ 85%]
tests\test_integration_advanced.py::TestCompliance::test_gdpr_dpia_assessment PASSED [ 85%]
tests\test_integration_advanced.py::TestCompliance::test_ccpa_consumer_privacy_rights PASSED [ 85%]
tests\test_integration_advanced.py::TestCompliance::test_ccpa_do_not_sell_preference PASSED [ 86%]
tests\test_integration_advanced.py::TestCompliance::test_pci_dss_compliance_card_data PASSED [ 86%]
tests\test_integration_advanced.py::TestCompliance::test_pci_dss_tokenization PASSED [ 87%]
tests\test_integration_advanced.py::TestCompliance::test_pci_dss_vault_storage PASSED [ 87%]
tests\test_integration_advanced.py::TestCompliance::test_sox_audit_trail PASSED [ 88%]
tests\test_integration_advanced.py::TestCompliance::test_hipaa_phi_protection PASSED [ 88%]
tests\test_integration_advanced.py::TestCompliance::test_hipaa_access_control PASSED [ 88%]
tests\test_integration_advanced.py::TestCompliance::test_hipaa_audit_logging PASSED [ 89%]
tests\test_integration_advanced.py::TestCompliance::test_financial_regulation_compliance PASSED [ 89%]
tests\test_integration_advanced.py::TestCompliance::test_anti_money_laundering_kyc PASSED [ 90%]
tests\test_integration_advanced.py::TestCompliance::test_sanctions_list_screening PASSED [ 90%]
tests\test_integration_advanced.py::TestCompliance::test_beneficial_ownership_verification PASSED [ 91%]
tests\test_integration_advanced.py::TestCompliance::test_transaction_monitoring_aml PASSED [ 91%]
tests\test_integration_advanced.py::TestCompliance::test_suspicious_activity_reporting PASSED [ 91%]
tests\test_integration_advanced.py::TestCompliance::test_tax_compliance_reporting PASSED [ 92%]
tests\test_integration_advanced.py::TestCompliance::test_transfer_pricing_documentation PASSED [ 92%]
tests\test_integration_advanced.py::TestCompliance::test_withholding_tax_calculation PASSED [ 93%]
tests\test_integration_advanced.py::TestCompliance::test_consumer_protection_act PASSED [ 93%]
tests\test_integration_advanced.py::TestCompliance::test_accessibility_wcag_compliance PASSED [ 94%]
tests\test_integration_advanced.py::TestCompliance::test_environmental_sustainability_reporting PASSED [ 94%]
tests\test_integration_advanced.py::TestCompliance::test_data_residency_compliance PASSED [ 94%]
tests\test_integration_advanced.py::TestCompliance::test_cookie_consent_tracking PASSED [ 95%]
tests\test_integration_advanced.py::TestCompliance::test_privacy_policy_acceptance PASSED [ 95%]
tests\test_integration_advanced.py::TestCompliance::test_terms_of_service_acceptance PASSED [ 96%]
tests\test_integration_advanced.py::TestCompliance::test_age_verification_compliance PASSED [ 96%]
tests\test_integration_advanced.py::TestCompliance::test_export_control_regulations PASSED [ 97%]
tests\test_integration_advanced.py::TestCompliance::test_sanctions_compliance_check PASSED [ 97%]
tests\test_integration_advanced.py::TestCompliance::test_embargo_region_restriction PASSED [ 97%]
tests\test_integration_advanced.py::TestCompliance::test_rights_management_licensing PASSED [ 98%]
tests\test_integration_advanced.py::TestCompliance::test_intellectual_property_protection PASSED [ 98%]
tests\test_integration_advanced.py::TestCompliance::test_trademark_usage_compliance PASSED [ 99%]
tests\test_integration_advanced.py::TestCompliance::test_copyright_infringement_detection PASSED [ 99%]
python : C:\Users\samye\AppData\Local\Python\pythoncore-3.14-64\Lib\site-p
ackages\coverage\inorout.py:521: CoverageWarning: Module backend/services 
was never imported. (module-not-imported); see https://coverage.readthedoc
s.io/en/7.11.0/messages.html#warning-module-not-imported
Au caractère Ligne:1 : 39
+ ... H = "$PWD"; python -m pytest tests/test_integration_advanced.py -v 
>  ...
+                 
~~~~~~~~~~~~~~~~~~~~~~~~~~~~~~~~~~~~~~~~~~~~~~~~~~~~~~~~~
    + CategoryInfo          : NotSpecified: (C:\Users\samye\...le-not-imp 
   orted:String) [], RemoteException
    + FullyQualifiedErrorId : NativeCommandError
 
  self.warn(f"Module {pkg} was never imported.", 
slug="module-not-imported")
<unknown>:43: SyntaxWarning: "\." is an invalid escape sequence. Such 
sequences will not work in the future. Did you mean "\\."? A raw string 
is also an option.
C:\Users\samye\OneDrive\Desktop\getyoursharelivrable\getyourshare-versio2\
backend\GUIDE_TABLES.py:43: SyntaxWarning: "\." is an invalid escape 
sequence. Such sequences will not work in the future. Did you mean "\\."? 
A raw string is also an option.
  ..\.venv\Scripts\python.exe init_top5_data.py
<unknown>:96: SyntaxWarning: "\." is an invalid escape sequence. Such 
sequences will not work in the future. Did you mean "\\."? A raw string 
is also an option.
C:\Users\samye\OneDrive\Desktop\getyoursharelivrable\getyourshare-versio2\
backend\test_top5_integration.py:96: SyntaxWarning: "\." is an invalid 
escape sequence. Such sequences will not work in the future. Did you mean 
"\\."? A raw string is also an option.
  print_info("DÚmarrez le serveur avec: cd backend && 
..\.venv\Scripts\python.exe -m uvicorn server:app --reload")
<unknown>:43: SyntaxWarning: "\." is an invalid escape sequence. Such 
sequences will not work in the future. Did you mean "\\."? A raw string 
is also an option.
C:\Users\samye\OneDrive\Desktop\getyoursharelivrable\getyourshare-versio2\
backend\GUIDE_TABLES.py:43: SyntaxWarning: "\." is an invalid escape 
sequence. Such sequences will not work in the future. Did you mean "\\."? 
A raw string is also an option.
  ..\.venv\Scripts\python.exe init_top5_data.py
<unknown>:96: SyntaxWarning: "\." is an invalid escape sequence. Such 
sequences will not work in the future. Did you mean "\\."? A raw string 
is also an option.
C:\Users\samye\OneDrive\Desktop\getyoursharelivrable\getyourshare-versio2\
backend\test_top5_integration.py:96: SyntaxWarning: "\." is an invalid 
escape sequence. Such sequences will not work in the future. Did you mean 
"\\."? A raw string is also an option.
  print_info("DÚmarrez le serveur avec: cd backend && 
..\.venv\Scripts\python.exe -m uvicorn server:app --reload")
<unknown>:43: SyntaxWarning: "\." is an invalid escape sequence. Such 
sequences will not work in the future. Did you mean "\\."? A raw string 
is also an option.
<unknown>:96: SyntaxWarning: "\." is an invalid escape sequence. Such 
sequences will not work in the future. Did you mean "\\."? A raw string 
is also an option.
tests\test_integration_advanced.py::TestCompliance::test_digital_rights_management PASSED [100%]
ERROR: Coverage failure: total of 2 is less than fail-under=80


=============================== tests coverage ================================
_______________ coverage: platform win32, python 3.14.0-final-0 _______________

Name                                       Stmts   Miss  Cover   Missing
------------------------------------------------------------------------
GUIDE_TABLES.py                                2      2     0%   1-2
__init__.py                                    0      0   100%
activity_endpoints.py                         60     60     0%   5-244
add_budgets.py                                48     48     0%   4-89
add_influencer_data.py                        49     49     0%   4-195
add_pending_advertisers.py                    58     58     0%   5-152
add_test_invoices.py                         109    109     0%   5-206
add_test_products.py                          30     30     0%   4-129
admin_analytics_endpoints.py                 247    247     0%   16-609
admin_payouts_endpoints.py                   110    110     0%   5-340
admin_social_endpoints.py                    251    251     0%   18-772
admin_users_endpoints.py                     256    256     0%   15-636
advanced_endpoints.py                        263    263     0%   6-615
advanced_features_endpoints.py                99     99     0%   8-217
advanced_helpers.py                          192    192     0%   6-497
advanced_marketplace_endpoints.py            143    143     0%   15-408
advanced_tax_calculations.py                 120    120     0%   6-497
affiliate_links_endpoints.py                 215    215     0%   14-603
affiliation_requests_endpoints.py            227    227     0%   6-607
ai_assistant_endpoints.py                    106    106     0%   16-627
ai_bot_endpoints.py                          120    120     0%   12-428
ai_content_endpoints.py                       56     56     0%   6-298
ai_content_generator.py                      161    161     0%   6-720
ai_features_endpoints.py                     187    187     0%   6-576
analytics_endpoints.py                       685    685     0%   5-1244
analyze_all_data.py                          144    144     0%   4-228
analyze_app.py                               121    121     0%   7-218
analyze_frontend_integration.py              149    149     0%   7-277
analyze_services_location.py                  55     55     0%   5-84
apply_campaign_migration.py                   25     25     0%   5-42
apply_dashboard_columns.py                    17     17     0%   1-40
apply_final_schema_fix.py                     28     28     0%   1-43
apply_fix_schema.py                           25     25     0%   1-61
apply_migration_015.py                        15     15     0%   2-28
apply_migration_influencers_merchants.py      40     40     0%   2-56
apply_optimization.py                         23     23     0%   1-31
apply_payment_columns.py                      23     23     0%   6-103
apply_publications_migration.py               28     28     0%   1-37
apply_social_stats_fix.py                     29     29     0%   1-42
apply_sql_fix.py                              14     14     0%   1-23
apply_sql_fixes.py                            38     38     0%   2-59
apply_subscription_system.py                 142    142     0%   7-216
auth.py                                      122    122     0%   6-321
auth_advanced_endpoints.py                   119    119     0%   8-359
auto_payment_service.py                      173    173     0%   6-528
balance_report_endpoints.py                  232    232     0%   6-492
cache_service.py                             119    119     0%   5-214
celery_app.py                                 11     11     0%   23-148
celery_tasks.py                              201    201     0%   15-513
check_2fa.py                                  17     17     0%   1-23
check_active_users.py                         44     44     0%   4-70
check_admin.py                                18     18     0%   4-29
check_advertiser_registrations.py             34     34     0%   1-74
check_affiliation_system.py                    0      0   100%
check_api_flow.py                             81     81     0%   1-112
check_campaigns_structure.py                  25     25     0%   4-39
check_columns.py                              13     13     0%   1-23
check_conversations.py                        56     56     0%   2-76
check_conversions_data.py                     95     95     0%   4-154
check_db_counts.py                            13     13     0%   1-16
check_env.py                                   6      6     0%   2-10
check_gamification_tables.py                  19     19     0%   1-29
check_indentation.py                          44     44     0%   5-82
check_influencer3.py                          17     17     0%   1-21
check_influencer_ids.py                       11     11     0%   2-19
check_influencers.py                          32     32     0%   1-39
check_influencers_db.py                       18     18     0%   1-25
check_inline_try.py                           40     40     0%   5-69
check_invoices.py                             42     42     0%   1-76
check_invoices_structure.py                   18     18     0%   1-29
check_leads.py                                36     36     0%   5-56
check_merchant_ids.py                         16     16     0%   2-22
check_merchants.py                            27     27     0%   6-47
check_merchants_db.py                         29     29     0%   1-40
check_passwords.py                            14     14     0%   4-22
check_plans_columns.py                        25     25     0%   1-32
check_profiles_db.py                          18     18     0%   1-25
check_quick_launch_users.py                   24     24     0%   1-43
check_quick_login_users.py                    45     45     0%   2-77
check_reviews_table.py                        21     21     0%   1-32
check_rpc.py                                  17     17     0%   2-42
check_sales_commissions.py                    21     21     0%   2-27
check_schema.py                               18     18     0%   4-27
check_services.py                             37     37     0%   5-60
check_services_db.py                          31     31     0%   1-42
check_specific_stats.py                       18     18     0%   2-37
check_subscription_plans.py                   18     18     0%   2-35
check_tables.py                               17     17     0%   2-22
check_tables_existence.py                     12     12     0%   2-16
check_tables_v2.py                            23     23     0%   2-42
check_test_accounts.py                        43     43     0%   2-69
check_test_data.py                            93     93     0%   4-125
check_test_users.py                           16     16     0%   2-26
check_top5_features.py                        41     41     0%   2-84
check_top_products.py                         70     70     0%   4-103
check_users.py                                14     14     0%   1-19
check_wow_tables.py                           23     23     0%   1-40
clean_mock_data.py                            32     32     0%   5-60
collaboration_endpoints.py                   129    129     0%   3-478
commercial_endpoints.py                      578    578     0%   6-1729
commercial_influencer_endpoints.py           180    180     0%   14-436
commercial_invoices_endpoints.py             151    151     0%   5-365
commercials_directory_endpoints.py           260    260     0%   14-707
company_links_management.py                  256    256     0%   18-686
contact_endpoints.py                         147    147     0%   14-462
content_studio_endpoints.py                  127    127     0%   13-605
coupon_endpoints.py                          186    186     0%   8-372
create_admin_test.py                          43     43     0%   4-81
create_messaging_tables.py                    28     28     0%   5-49
create_missing_tables.py                      32     32     0%   5-99
create_pending_advertisers.py                 50     50     0%   5-123
create_quick_launch_users.py                  46     46     0%   1-171
create_services_table.py                      28     28     0%   4-75
create_simple_test_accounts.py                32     32     0%   2-75
create_smtp_table.py                          16     16     0%   5-50
create_tables.py                              33     33     0%   6-81
create_tables_guide.py                        36     36     0%   5-263
create_test_accounts.py                       59     59     0%   2-178
create_test_accounts_v2.py                    72     72     0%   2-178
create_test_campaigns.py                      60     60     0%   4-179
create_test_conversions.py                   104    104     0%   8-245
create_test_moderation_products.py            62     62     0%   8-235
create_test_registrations.py                  26     26     0%   1-75
db_helpers.py                                607    607     0%   6-1276
db_queries_real.py                           546    546     0%   5-1864
debug_gamification_insert.py                  18     18     0%   1-33
debug_import.py                                7      7     0%   1-7
debug_login.py                                12     12     0%   4-23
delete_test_accounts.py                       11     11     0%   2-24
diagnose_auth.py                              39     39     0%   4-71
diagnose_login.py                             78     78     0%   4-121
diagnostic_connexion.py                      124    124     0%   4-199
diagnostic_conversations.py                   65     65     0%   5-116
diagnostic_frontend.py                        46     46     0%   1-87
domain_endpoints.py                          218    218     0%   14-683
email_service.py                               3      3     0%   5-7
email_service_deprecated.py                  104    104     0%   7-206
enable_2fa.py                                 45     45     0%   5-70
endpoints_complets.py                          2      2     0%   9-210
ensure_audit_accounts.py                      63     63     0%   2-147
ensure_test_users.py                          56     56     0%   1-119
final_test.py                                 39     39     0%   4-66
finance_endpoints.py                          38     38     0%   1-87
find_password.py                              17     17     0%   4-35
find_services_tables.py                       26     26     0%   5-52
fiscal_email_service.py                      176    176     0%   7-504
fiscal_endpoints.py                          243    243     0%   6-803
fix_all_indentation.py                        47     47     0%   5-79
fix_auth.py                                   29     29     0%   4-57
fix_bare_except.py                            34     34     0%   5-64
fix_commercial_plans.py                       18     18     0%   2-37
fix_commercial_schema_v2.py                   23     23     0%   1-50
fix_fiscal_invoices.py                        57     57     0%   5-127
fix_influencer_data.py                        63     63     0%   4-129
fix_inline_try.py                             76     76     0%   5-138
fix_invoices_merchant_id.py                   43     43     0%   1-79
fix_passwords.py                              27     27     0%   5-60
fix_platform_commission.py                    97     97     0%   4-171
fix_products_view.py                           8      8     0%   1-13
fix_subscription_plans.py                     18     18     0%   2-43
gamification_endpoints.py                    224    224     0%   5-611
generate_all_test_data.py                    142    142     0%   5-340
generate_fiscal_test_data.py                 208    208     0%   6-412
get_all_fkeys.py                              21     21     0%   1-68
get_real_schema.py                            22     22     0%   4-49
import_translations.py                        35     35     0%   6-195
influencer_invoices_endpoints.py             189    189     0%   6-446
influencer_search_endpoints.py                58     58     0%   5-202
influencers_directory_endpoints.py           303    303     0%   14-811
init_top5_data.py                             92     92     0%   5-315
insert_mock_recommendations.py                63     63     0%   1-157
inspect_gamification.py                       21     21     0%   1-26
inspect_publications_table.py                 12     12     0%   1-22
inspect_schema_errors.py                      20     20     0%   2-31
inspect_users_table.py                        18     18     0%   1-34
integrate_new_features.py                     32     32     0%   17-247
integrations_endpoints.py                    190    190     0%   14-526
invoice_service.py                           127    127     0%   6-401
invoicing_service.py                         192    192     0%   9-552
kyc_endpoints.py                             183    183     0%   16-588
list_all_users.py                             29     29     0%   4-43
list_routes.py                                17     17     0%   2-23
list_users.py                                 18     18     0%   1-23
live_shopping_endpoints_enhanced.py          179    179     0%   13-556
load_test.py                                 111    111     0%   1-166
logging_config.py                             31     31     0%   2-72
marketplace_endpoints.py                     309    309     0%   17-804
middleware\__init__.py                         2      2     0%   5-12
middleware\auth.py                            56     56     0%   6-162
middleware\auth_secure.py                     85     85     0%   8-240
middleware\monitoring.py                     125    125     0%   11-419
middleware\rate_limiting.py                   97     97     0%   14-310
middleware\security.py                       108    108     0%   11-362
migrate_mock_data.py                          58     58     0%   1-324
migrate_mock_data_part2.py                    67     67     0%   1-366
mobile_payment_endpoints.py                  107    107     0%   6-409
mobile_payment_service.py                    143    143     0%   6-412
mobile_payments_morocco_endpoints.py          71     71     0%   6-375
mock_data.py                                  24     24     0%   2-624
moderation_endpoints.py                      246    246     0%   8-592
moderation_service.py                         98     98     0%   8-392
notification_endpoints.py                     71     71     0%   1-148
notifications_endpoints.py                   158    158     0%   14-430
payment_gateways.py                          201    201     0%   9-637
payment_service.py                           166    166     0%   6-387
payment_webhooks.py                          174    174     0%   6-415
pdf_generator.py                             106    106     0%   6-354
platform_settings_endpoints.py                80     80     0%   4-225
predictive_dashboard_endpoints.py             74     74     0%   6-297
predictive_dashboard_service.py              238    238     0%   7-760
probe_gamification_columns.py                 22     22     0%   1-42
products_endpoints.py                        129    129     0%   1-208
quick_check.py                                10     10     0%   2-12
quick_verify.py                               22     22     0%   4-36
rate_limiter.py                               97     97     0%   5-199
referral_endpoints.py                        158    158     0%   6-484
registration_management_endpoints.py         192    192     0%   6-506
registrations_endpoints.py                   110    110     0%   1-234
remove_emojis.py                              10     10     0%   6-40
remove_inline_try.py                          53     53     0%   5-90
replace_prints.py                             73     73     0%   5-127
reports_endpoints.py                         207    207     0%   14-468
repositories\__init__.py                       6      6     0%   1-7
repositories\base_repository.py               40     40     0%   1-58
repositories\product_repository.py             9      9     0%   1-14
repositories\sale_repository.py                9      9     0%   1-14
repositories\tracking_repository.py            9      9     0%   1-14
repositories\user_repository.py               12     12     0%   1-20
reset_admin_password.py                       39     39     0%   4-70
reset_admin_password_v2.py                    28     28     0%   1-49
reset_all_passwords.py                        23     23     0%   4-38
reset_test_passwords.py                       25     25     0%   4-55
reset_test_passwords_v2.py                    21     21     0%   2-48
reset_test_users.py                          101    101     0%   1-156
roi_endpoints.py                              80     80     0%   1-191
run.py                                        37     37     0%   6-59
run_automation_scenario.py                  1813   1813     0%   19-4343
run_automation_scenario_ENRICHED.py         2415   2415     0%   19-5651
run_company_settings_migration.py             28     28     0%   5-47
run_migration.py                              80     80     0%   6-134
run_migration_missing_tables.py               65     65     0%   5-96
run_moderation_sql.py                         39     39     0%   8-82
run_server.py                                  4      4     0%   2-6
run_settings_migration.py                     60     60     0%   7-103
scheduler.py                                  99     99     0%   6-221
scheduler\__init__.py                          2      2     0%   5-7
scheduler\leads_scheduler.py                 175    175     0%   6-435
search_endpoints.py                           29     29     0%   1-68
secured_endpoints.py                         126    126     0%   5-369
security.py                                   13     13     0%   1-30
seed_all_dashboards.py                        49     49     0%   8-78
seed_all_data.py                             193    193     0%   6-501
seed_campaigns_demo.py                       108    108     0%   6-249
seed_commercial_data.py                      111    111     0%   8-218
seed_comprehensive_dashboard_data.py         149    149     0%   7-380
seed_demo_data.py                            208    208     0%   11-631
seed_influencers.py                           48     48     0%   1-148
seed_missing_features.py                     174    174     0%   13-295
seed_products_test.py                         36     36     0%   4-196
seed_recent_data.py                           89     89     0%   6-219
seed_services_demo.py                         28     28     0%   5-229
seed_services_fixed.py                        31     31     0%   5-218
server.py                                   5376   5376     0%   6-12835
server_complete.py                          2153   2153     0%   6-7082
server_test.py                                16     16     0%   1-43
services_endpoints.py                        103    103     0%   1-192
services_leads_endpoints.py                  452    452     0%   5-1002
setup_commercial_db.py                        63     63     0%   9-146
setup_moderation_tables.py                    31     31     0%   8-174
setup_supabase.py                            117    117     0%   7-285
setup_test_users.py                           32     32     0%   1-57
show_dashboard_stats.py                       46     46     0%   6-82
show_users_schema.py                          13     13     0%   2-18
simple_check.py                                7      7     0%   1-7
simple_test.py                                45     45     0%   4-76
smart_match_endpoints.py                      71     71     0%   6-322
smart_match_service.py                       185    185     0%   6-510
social_media_endpoints.py                    222    222     0%   17-744
start_server_bg.py                            10     10     0%   4-23
stripe_endpoints.py                          142    142     0%   16-490
stripe_service.py                            123    123     0%   5-431
stripe_webhook_handler.py                    183    183     0%   15-453
subscription_endpoints.py                    702    702     0%   14-1869
subscription_endpoints_simple.py             119    119     0%   8-293
subscription_helpers.py                      396    396     0%   6-797
subscription_helpers_simple.py                69     69     0%   9-308
subscription_limits_middleware.py            113    113     0%   9-234
subscription_middleware.py                    92     92     0%   6-322
supabase_client.py                            13     13     0%   5-36
supabase_config.py                             2      2     0%   6-8
support_endpoints.py                          34     34     0%   1-69
team_endpoints.py                            243    243     0%   14-719
test_2fa_status.py                            22     22     0%   1-40
test_admin_login.py                           18     18     0%   4-31
test_all_critical_fixes.py                   193    193     0%   7-288
test_analytics_api.py                         15     15     0%   1-21
test_analytics_endpoint.py                    19     19     0%   4-26
test_api.py                                   44     44     0%   7-74
test_api_format.py                            40     40     0%   4-59
test_campaign_simulation.py                  132    132     0%   1-208
test_charts.py                                56     56     0%   3-82
test_comprehensive_audit.py                  349    349     0%   1-571
test_conversations.py                         29     29     0%   5-46
test_conversations_api.py                     50     50     0%   5-95
test_conversations_simple.py                  34     34     0%   4-51
test_critical_endpoints.py                   108    108     0%   7-173
test_dashboard_complet.py                     68     68     0%   1-122
test_dashboard_endpoints.py                   86     86     0%   3-139
test_dashboard_services.py                    47     47     0%   6-76
test_direct_commission.py                     42     42     0%   4-67
test_endpoints.py                             88     88     0%   5-143
test_features.py                              85     85     0%   1-118
test_fiscal_system.py                        101    101     0%   6-218
test_frontend_login.py                        56     56     0%   1-93
test_full_connection.py                       55     55     0%   1-86
test_full_flow.py                             62     62     0%   7-103
test_full_system.py                          213    213     0%   1-278
test_gamification.py                          73     73     0%   1-110
test_helpers_endpoints.py                    137    137     0%   6-368
test_invoices.py                              23     23     0%   5-38
test_login.py                                 22     22     0%   2-41
test_login_debug.py                           48     48     0%   1-87
test_merchant_endpoint.py                     43     43     0%   4-88
test_nouveaux_endpoints.py                    93     93     0%   5-126
test_passwords.py                             12     12     0%   4-29
test_payment_system.py                       160    160     0%   6-337
test_platform_commission.py                   60     60     0%   4-103
test_products.py                              37     37     0%   4-57
test_products_api.py                          17     17     0%   4-26
test_quick_login.py                           15     15     0%   1-28
test_real_functionality.py                   155    155     0%   7-247
test_resend_email.py                          92     92     0%   6-179
test_roi.py                                   27     27     0%   1-42
test_server.py                                11     11     0%   4-18
test_services_api.py                          68     68     0%   6-104
test_simple_api.py                            33     33     0%   4-56
test_smart_match.py                           51     51     0%   1-98
test_subscriptions_flow.py                   189    189     0%   1-305
test_supabase.py                              41     41     0%   7-56
test_top5_integration.py                     101    101     0%   5-148
test_top_products_fix.py                      29     29     0%   4-54
test_ultra_audit.py                          237    237     0%   1-430
test_wow_features.py                          44     44     0%   1-91
tests\__init__.py                              0      0   100%
tests\conftest.py                            113     44    61%   47-54, 65, 71, 83-84, 101, 107, 126, 132, 151, 157, 176, 182, 203, 211, 232, 253, 259, 273-276, 282-285, 296, 302, 309-316, 334-337
tests\conftest_real_db.py                    105    105     0%   6-277
tests\test_ai_assistant_multilingual.py      285    285     0%   15-795
tests\test_content_studio_service.py         183    183     0%   13-453
tests\test_database_setup.py                  42     42     0%   6-131
tests\test_i18n_multilingual.py              174    174     0%   17-466
tests\test_image_optimizer.py                189    189     0%   4-388
tests\test_integration_advanced.py           793      1    99%   1341
tests\test_integration_comprehensive.py      610    610     0%   24-1304
tests\test_integration_e2e.py                183    183     0%   14-636
tests\test_mobile_payments_morocco.py        205    205     0%   13-541
tests\test_payments.py                       249    249     0%   5-556
tests\test_sales.py                          187    187     0%   5-431
tests\test_services_coverage.py               68     68     0%   1-146
tests\test_tiktok_shop_service.py            217    217     0%   13-454
tests\test_whatsapp_service.py               167    167     0%   14-418
tiktok_shop_endpoints.py                      88     88     0%   12-442
tous_les_endpoints_partie1.py                113    113     0%   6-464
tracking_service.py                          133    133     0%   8-356
transaction_endpoints.py                     142    142     0%   5-391
translation_service.py                       133    133     0%   8-372
trust_score_endpoints.py                      97     97     0%   6-346
trust_score_service.py                       217    217     0%   6-556
twofa_endpoints.py                           138    138     0%   15-439
update_2fa.py                                 40     40     0%   1-73
update_all_passwords.py                       46     46     0%   5-78
update_influencers_data.py                    26     26     0%   4-89
update_influencers_simple.py                  26     26     0%   4-54
update_names_only.py                          22     22     0%   4-42
update_predictive_service.py                   6      6     0%   2-771
upload_endpoints.py                           57     57     0%   5-139
utils\__init__.py                              2      2     0%   6-16
utils\cache.py                                38     38     0%   1-59
utils\db_optimized.py                        156    156     0%   9-517
utils\db_safe.py                              69     69     0%   19-259
utils\image_processing.py                    149    149     0%   5-453
utils\logger.py                               54     54     0%   6-139
utils\supabase_client.py                      28     28     0%   6-76
verify_analytics_endpoints.py                 30     30     0%   1-54
verify_and_create_accounts.py                 89     89     0%   5-251
verify_dashboard.py                           25     25     0%   4-51
verify_endpoints.py                           33     33     0%   4-66
watch_logs.py                                 16     16     0%   1-21
webhook_endpoints.py                         194    194     0%   5-489
webhook_service.py                           259    259     0%   6-699
websocket_endpoints.py                        69     69     0%   1-132
websocket_manager.py                          35     35     0%   1-46
websocket_server.py                          109    109     0%   6-223
whatsapp_endpoints.py                        100    100     0%   12-409
------------------------------------------------------------------------
TOTAL                                      47600  46739     2%
Coverage HTML written to dir htmlcov
FAIL Required test coverage of 80% not reached. Total coverage: 1.81%
============================= 234 passed in 8.34s =============================
